// Jest Snapshot v1, https://goo.gl/fbAQLP

exports[`HomePage render 1`] = `[Function]`;
