// Jest Snapshot v1, https://goo.gl/fbAQLP

exports[`CartItemComponent render 1`] = `
<DocumentFragment>
  <div
    class="sc-bdfBwQ btQEoA"
  >
    <div
      class="ant-row ant-row-middle"
    >
      <div
        class="ant-col ant-col-xs-8 ant-col-md-8 ant-col-lg-5"
      >
        <a
          href="/products/554194"
        >
          <img
            alt="Monitor 27\\" AOC C27G2ZU/BK"
            src="https://i8.rozetka.ua/goods/18842039/aoc_c27g2zu_bk_images_18842039923.jpg"
          />
        </a>
      </div>
      <div
        class="ant-col ant-col-xs-16 ant-col-md-16 ant-col-lg-7"
      >
        <a
          href="/products/554194"
        >
          <p
            class="bold"
          >
            Monitor 27" AOC C27G2ZU/BK
          </p>
        </a>
      </div>
      <div
        class="ant-col ant-col-xs-5 ant-col-md-7 ant-col-lg-3"
      >
        <span
          class="price"
        >
          10600₴
        </span>
      </div>
      <div
        class="ant-col ant-col-xs-7 ant-col-md-8 ant-col-lg-5"
      >
        <div
          class="sc-hKgILt sc-eCssSg bGMZSh eZYWkv"
        >
          <button
            class="ant-btn ant-btn-circle ant-btn-icon-only"
            type="button"
          >
            <span
              aria-label="minus"
              class="anticon anticon-minus"
              role="img"
            >
              <svg
                aria-hidden="true"
                data-icon="minus"
                fill="currentColor"
                focusable="false"
                height="1em"
                viewBox="64 64 896 896"
                width="1em"
              >
                <path
                  d="M872 474H152c-4.4 0-8 3.6-8 8v60c0 4.4 3.6 8 8 8h720c4.4 0 8-3.6 8-8v-60c0-4.4-3.6-8-8-8z"
                />
              </svg>
            </span>
          </button>
          <input
            class="ant-input sc-dlfnbm hioKae"
            type="text"
            value="1"
          />
          <button
            class="ant-btn ant-btn-circle ant-btn-icon-only"
            type="button"
          >
            <span
              aria-label="plus"
              class="anticon anticon-plus"
              role="img"
            >
              <svg
                aria-hidden="true"
                data-icon="plus"
                fill="currentColor"
                focusable="false"
                height="1em"
                viewBox="64 64 896 896"
                width="1em"
              >
                <defs>
                  <style />
                </defs>
                <path
                  d="M482 152h60q8 0 8 8v704q0 8-8 8h-60q-8 0-8-8V160q0-8 8-8z"
                />
                <path
                  d="M176 474h672q8 0 8 8v60q0 8-8 8H176q-8 0-8-8v-60q0-8 8-8z"
                />
              </svg>
            </span>
          </button>
        </div>
      </div>
      <div
        class="ant-col subtotal ant-col-xs-9 ant-col-md-6 ant-col-lg-3"
      >
        <span>
          10600₴
        </span>
      </div>
      <div
        class="ant-col ant-col-xs-2 ant-col-md-3 ant-col-lg-1"
      >
        <button
          class="ant-btn ant-btn-circle ant-btn-icon-only sc-gsTCUz ftEqYG"
          type="button"
        >
          <span
            aria-label="close"
            class="anticon anticon-close"
            role="img"
          >
            <svg
              aria-hidden="true"
              data-icon="close"
              fill="currentColor"
              focusable="false"
              height="1em"
              viewBox="64 64 896 896"
              width="1em"
            >
              <path
                d="M563.8 512l262.5-312.9c4.4-5.2.7-13.1-6.1-13.1h-79.8c-4.7 0-9.2 2.1-12.3 5.7L511.6 449.8 295.1 191.7c-3-3.6-7.5-5.7-12.3-5.7H203c-6.8 0-10.5 7.9-6.1 13.1L459.4 512 196.9 824.9A7.95 7.95 0 00203 838h79.8c4.7 0 9.2-2.1 12.3-5.7l216.5-258.1 216.5 258.1c3 3.6 7.5 5.7 12.3 5.7h79.8c6.8 0 10.5-7.9 6.1-13.1L563.8 512z"
              />
            </svg>
          </span>
        </button>
      </div>
    </div>
  </div>
</DocumentFragment>
`;
