// Jest Snapshot v1, https://goo.gl/fbAQLP

exports[`All tests for productSubscribeModal Should have simple render 1`] = `<DocumentFragment />`;
