// Jest Snapshot v1, https://goo.gl/fbAQLP

exports[`FormCheckoutComponent render 1`] = `
<DocumentFragment>
  <form
    class="ant-form ant-form-horizontal"
    id="checkout-form"
  >
    <p
      class="sc-bdfBwQ jPpEGH"
    >
      Customer Details:
    </p>
    <div
      class="ant-row ant-form-item"
    >
      <div
        class="ant-col ant-form-item-label ant-col-xs-24 ant-col-sm-6 ant-col-md-8 ant-col-lg-7"
      >
        <label
          class="ant-form-item-required"
          for="checkout-form_email"
          title="Email"
        >
          Email
        </label>
      </div>
      <div
        class="ant-col ant-form-item-control ant-col-xs-24 ant-col-sm-16 ant-col-md-16 ant-col-lg-12"
      >
        <div
          class="ant-form-item-control-input"
        >
          <div
            class="ant-form-item-control-input-content"
          >
            <input
              class="ant-input"
              id="checkout-form_email"
              placeholder="test@testmail.com"
              type="text"
              value="o.titova.ua@gmail.com"
            />
          </div>
        </div>
      </div>
    </div>
    <div
      class="ant-row ant-form-item"
    >
      <div
        class="ant-col ant-form-item-label ant-col-xs-24 ant-col-sm-6 ant-col-md-8 ant-col-lg-7"
      >
        <label
          class="ant-form-item-required"
          for="checkout-form_firstName"
          title="First name"
        >
          First name
        </label>
      </div>
      <div
        class="ant-col ant-form-item-control ant-col-xs-24 ant-col-sm-16 ant-col-md-16 ant-col-lg-12"
      >
        <div
          class="ant-form-item-control-input"
        >
          <div
            class="ant-form-item-control-input-content"
          >
            <input
              class="ant-input"
              id="checkout-form_firstName"
              placeholder="First name"
              type="text"
              value="test"
            />
          </div>
        </div>
      </div>
    </div>
    <div
      class="ant-row ant-form-item"
    >
      <div
        class="ant-col ant-form-item-label ant-col-xs-24 ant-col-sm-6 ant-col-md-8 ant-col-lg-7"
      >
        <label
          class="ant-form-item-required"
          for="checkout-form_lastName"
          title="Last name"
        >
          Last name
        </label>
      </div>
      <div
        class="ant-col ant-form-item-control ant-col-xs-24 ant-col-sm-16 ant-col-md-16 ant-col-lg-12"
      >
        <div
          class="ant-form-item-control-input"
        >
          <div
            class="ant-form-item-control-input-content"
          >
            <input
              class="ant-input"
              id="checkout-form_lastName"
              placeholder="Last name"
              type="text"
              value="test"
            />
          </div>
        </div>
      </div>
    </div>
    <div
      class="ant-row ant-form-item"
    >
      <div
        class="ant-col ant-form-item-label ant-col-xs-24 ant-col-sm-6 ant-col-md-8 ant-col-lg-7"
      >
        <label
          class="ant-form-item-required"
          for="checkout-form_phoneNumber"
          title="Phone number"
        >
          Phone number
        </label>
      </div>
      <div
        class="ant-col ant-form-item-control ant-col-xs-24 ant-col-sm-16 ant-col-md-16 ant-col-lg-12"
      >
        <div
          class="ant-form-item-control-input"
        >
          <div
            class="ant-form-item-control-input-content"
          >
            <input
              class="ant-input"
              id="checkout-form_phoneNumber"
              placeholder="Mobile Number +380 XX XXX XXXX"
              type="text"
              value="+380660788828"
            />
          </div>
        </div>
      </div>
    </div>
    <p
      class="sc-bdfBwQ jPpEGH"
    >
      Payment Details:
    </p>
    <div
      class="ant-radio-group ant-radio-group-outline"
      style="margin-bottom: 20px;"
    >
      <label
        class="ant-radio-wrapper ant-radio-wrapper-checked sc-dlfnbm NRStK"
      >
        <span
          class="ant-radio ant-radio-checked"
        >
          <input
            checked=""
            class="ant-radio-input"
            name="paymentInfo"
            type="radio"
            value="Payment at the time of receipt of the goods"
          />
          <span
            class="ant-radio-inner"
          />
        </span>
        <span>
          Payment at the time of receipt of the goods
        </span>
      </label>
    </div>
    <p
      class="sc-bdfBwQ jPpEGH"
    >
      Shipping Details:
    </p>
    <div
      class="ant-row ant-form-item"
    >
      <div
        class="ant-col ant-form-item-label ant-col-xs-24 ant-col-sm-6 ant-col-md-8 ant-col-lg-7"
      >
        <label
          class="ant-form-item-required"
          for="checkout-form_country"
          title="Country"
        >
          Country
        </label>
      </div>
      <div
        class="ant-col ant-form-item-control ant-col-xs-24 ant-col-sm-16 ant-col-md-16 ant-col-lg-12"
      >
        <div
          class="ant-form-item-control-input"
        >
          <div
            class="ant-form-item-control-input-content"
          >
            <input
              class="ant-input ant-input-disabled"
              disabled=""
              id="checkout-form_country"
              type="text"
              value="Ukraine"
            />
          </div>
        </div>
      </div>
    </div>
    <div
      class="ant-row ant-form-item"
      title="City choice"
    >
      <div
        class="ant-col ant-form-item-label ant-col-xs-24 ant-col-sm-6 ant-col-md-8 ant-col-lg-7"
      >
        <label
          class="ant-form-item-required"
          for="checkout-form_recipientCity"
          title="City"
        >
          City
        </label>
      </div>
      <div
        class="ant-col ant-form-item-control ant-col-xs-24 ant-col-sm-16 ant-col-md-16 ant-col-lg-12"
      >
        <div
          class="ant-form-item-control-input"
        >
          <div
            class="ant-form-item-control-input-content"
          >
            <div
              class="ant-select ant-select-single ant-select-show-arrow"
            >
              <div
                class="ant-select-selector"
              >
                <span
                  class="ant-select-selection-search"
                >
                  <input
                    aria-activedescendant="checkout-form_recipientCity_list_0"
                    aria-autocomplete="list"
                    aria-controls="checkout-form_recipientCity_list"
                    aria-haspopup="listbox"
                    aria-owns="checkout-form_recipientCity_list"
                    autocomplete="off"
                    class="ant-select-selection-search-input"
                    id="checkout-form_recipientCity"
                    readonly=""
                    role="combobox"
                    style="opacity: 0;"
                    type="search"
                    unselectable="on"
                    value=""
                  />
                </span>
                <span
                  class="ant-select-selection-placeholder"
                >
                  Select the city of recipient
                </span>
              </div>
              <span
                aria-hidden="true"
                class="ant-select-arrow"
                style="user-select: none;"
                unselectable="on"
              >
                <span
                  aria-label="down"
                  class="anticon anticon-down ant-select-suffix"
                  role="img"
                >
                  <svg
                    aria-hidden="true"
                    data-icon="down"
                    fill="currentColor"
                    focusable="false"
                    height="1em"
                    viewBox="64 64 896 896"
                    width="1em"
                  >
                    <path
                      d="M884 256h-75c-5.1 0-9.9 2.5-12.9 6.6L512 654.2 227.9 262.6c-3-4.1-7.8-6.6-12.9-6.6h-75c-6.5 0-10.3 7.4-6.5 12.7l352.6 486.1c12.8 17.6 39 17.6 51.7 0l352.6-486.1c3.9-5.3.1-12.7-6.4-12.7z"
                    />
                  </svg>
                </span>
              </span>
            </div>
          </div>
        </div>
      </div>
    </div>
    <div
      class="ant-row ant-form-item"
    >
      <div
        class="ant-col ant-form-item-label ant-col-xs-24 ant-col-sm-6 ant-col-md-8 ant-col-lg-7"
      >
        <label
          class="ant-form-item-required"
          for="checkout-form_recipientBranch"
          title="№ branch"
        >
          № branch
        </label>
      </div>
      <div
        class="ant-col ant-form-item-control ant-col-xs-24 ant-col-sm-16 ant-col-md-16 ant-col-lg-12"
      >
        <div
          class="ant-form-item-control-input"
        >
          <div
            class="ant-form-item-control-input-content"
          >
            <div
              class="ant-select ant-select-single ant-select-show-arrow"
            >
              <div
                class="ant-select-selector"
              >
                <span
                  class="ant-select-selection-search"
                >
                  <input
                    aria-activedescendant="checkout-form_recipientBranch_list_0"
                    aria-autocomplete="list"
                    aria-controls="checkout-form_recipientBranch_list"
                    aria-haspopup="listbox"
                    aria-owns="checkout-form_recipientBranch_list"
                    autocomplete="off"
                    class="ant-select-selection-search-input"
                    id="checkout-form_recipientBranch"
                    readonly=""
                    role="combobox"
                    style="opacity: 0;"
                    type="search"
                    unselectable="on"
                    value=""
                  />
                </span>
                <span
                  class="ant-select-selection-placeholder"
                >
                  Select the branch of Nova Poshta of the recipient
                </span>
              </div>
              <span
                aria-hidden="true"
                class="ant-select-arrow"
                style="user-select: none;"
                unselectable="on"
              >
                <span
                  aria-label="down"
                  class="anticon anticon-down ant-select-suffix"
                  role="img"
                >
                  <svg
                    aria-hidden="true"
                    data-icon="down"
                    fill="currentColor"
                    focusable="false"
                    height="1em"
                    viewBox="64 64 896 896"
                    width="1em"
                  >
                    <path
                      d="M884 256h-75c-5.1 0-9.9 2.5-12.9 6.6L512 654.2 227.9 262.6c-3-4.1-7.8-6.6-12.9-6.6h-75c-6.5 0-10.3 7.4-6.5 12.7l352.6 486.1c12.8 17.6 39 17.6 51.7 0l352.6-486.1c3.9-5.3.1-12.7-6.4-12.7z"
                    />
                  </svg>
                </span>
              </span>
            </div>
          </div>
        </div>
      </div>
    </div>
    <button
      class="ant-btn ant-btn-round sc-hKgILt eIYqNo"
      type="submit"
    >
      <span>
        Place Order
      </span>
    </button>
  </form>
</DocumentFragment>
`;
